2021-03-08 23:39:05,098:INFO:outside function: function messed up
2021-03-08 23:39:41,003:INFO:[Errno 2] No such file or directory: 'gooo.py'
2021-03-08 23:40:24,454:INFO:sdv[Errno 2] No such file or directory: 'gooo.py'
